commit 4958a918ceca890483a2f6f566011cac9b96bbbc
Author: Pedro <pedrolimaferreira06gmail.com>
Date:   Tue May 19 11:52:09 2026 +0100

    homepage sem filtros

commit 0daf8bbacef241cf7e8fdd249e11deeaadd4629a
Author: LuisCarlosSilva98 <luiscarlossilva65@hotmail.com>
Date:   Thu May 14 14:48:38 2026 +0100

    Create styles

commit 37598faa65ed8e3b6985afa5b29ad92c0580d793
Author: LuisCarlosSilva98 <luiscarlossilva65@hotmail.com>
Date:   Thu May 14 14:48:18 2026 +0100

    Create scripts

commit 1e2171699863b75f898db0ffdd76129c1ee50400
Author: LuisCarlosSilva98 <luiscarlossilva65@hotmail.com>
Date:   Thu May 14 14:47:56 2026 +0100

    Create images

commit 2207ed5f281e77a75647f418a9711dbf9b7931b0
Author: LuisCarlosSilva98 <luiscarlossilva65@hotmail.com>
Date:   Tue Apr 28 12:28:40 2026 +0100

    Update README.md

commit e2d6be96513f38a02c039ac652a9c2825e5d5d08
Author: Joana Camacho <94054699+jmargaridafc@users.noreply.github.com>
Date:   Tue Apr 28 12:01:48 2026 +0100

    Initial commit
